// Vitest Snapshot v1, https://vitest.dev/guide/snapshot.html

exports[`renderLedTime snapshot > renders full time (12:34.567) consistently 1`] = `"<div class="led-digit"><div class="segment horizontal top"></div><div class="segment vertical top-right on"></div><div class="segment vertical bottom-right on"></div><div class="segment horizontal bottom"></div><div class="segment vertical bottom-left"></div><div class="segment vertical top-left"></div><div class="segment horizontal middle"></div></div><div class="led-digit"><div class="segment horizontal top on"></div><div class="segment vertical top-right on"></div><div class="segment vertical bottom-right"></div><div class="segment horizontal bottom on"></div><div class="segment vertical bottom-left on"></div><div class="segment vertical top-left"></div><div class="segment horizontal middle on"></div></div><div class="led-colon"><div></div><div></div></div><div class="led-digit"><div class="segment horizontal top on"></div><div class="segment vertical top-right on"></div><div class="segment vertical bottom-right on"></div><div class="segment horizontal bottom on"></div><div class="segment vertical bottom-left"></div><div class="segment vertical top-left"></div><div class="segment horizontal middle on"></div></div><div class="led-digit"><div class="segment horizontal top"></div><div class="segment vertical top-right on"></div><div class="segment vertical bottom-right on"></div><div class="segment horizontal bottom"></div><div class="segment vertical bottom-left"></div><div class="segment vertical top-left on"></div><div class="segment horizontal middle on"></div></div><div class="led-dot led-dot--small led-dot--bottom"></div><div class="led-digit led-digit--small led-digit--bottom"><div class="segment horizontal top on"></div><div class="segment vertical top-right"></div><div class="segment vertical bottom-right on"></div><div class="segment horizontal bottom on"></div><div class="segment vertical bottom-left"></div><div class="segment vertical top-left on"></div><div class="segment horizontal middle on"></div></div><div class="led-digit led-digit--small led-digit--bottom"><div class="segment horizontal top on"></div><div class="segment vertical top-right"></div><div class="segment vertical bottom-right on"></div><div class="segment horizontal bottom on"></div><div class="segment vertical bottom-left on"></div><div class="segment vertical top-left on"></div><div class="segment horizontal middle on"></div></div><div class="led-digit led-digit--small led-digit--bottom"><div class="segment horizontal top on"></div><div class="segment vertical top-right on"></div><div class="segment vertical bottom-right on"></div><div class="segment horizontal bottom"></div><div class="segment vertical bottom-left"></div><div class="segment vertical top-left"></div><div class="segment horizontal middle"></div></div>"`;

exports[`renderLedTime snapshot > renders zero time (00:00.000) consistently 1`] = `"<div class="led-digit"><div class="segment horizontal top on"></div><div class="segment vertical top-right on"></div><div class="segment vertical bottom-right on"></div><div class="segment horizontal bottom on"></div><div class="segment vertical bottom-left on"></div><div class="segment vertical top-left on"></div><div class="segment horizontal middle"></div></div><div class="led-digit"><div class="segment horizontal top on"></div><div class="segment vertical top-right on"></div><div class="segment vertical bottom-right on"></div><div class="segment horizontal bottom on"></div><div class="segment vertical bottom-left on"></div><div class="segment vertical top-left on"></div><div class="segment horizontal middle"></div></div><div class="led-colon"><div></div><div></div></div><div class="led-digit"><div class="segment horizontal top on"></div><div class="segment vertical top-right on"></div><div class="segment vertical bottom-right on"></div><div class="segment horizontal bottom on"></div><div class="segment vertical bottom-left on"></div><div class="segment vertical top-left on"></div><div class="segment horizontal middle"></div></div><div class="led-digit"><div class="segment horizontal top on"></div><div class="segment vertical top-right on"></div><div class="segment vertical bottom-right on"></div><div class="segment horizontal bottom on"></div><div class="segment vertical bottom-left on"></div><div class="segment vertical top-left on"></div><div class="segment horizontal middle"></div></div><div class="led-dot led-dot--small led-dot--bottom"></div><div class="led-digit led-digit--small led-digit--bottom"><div class="segment horizontal top on"></div><div class="segment vertical top-right on"></div><div class="segment vertical bottom-right on"></div><div class="segment horizontal bottom on"></div><div class="segment vertical bottom-left on"></div><div class="segment vertical top-left on"></div><div class="segment horizontal middle"></div></div><div class="led-digit led-digit--small led-digit--bottom"><div class="segment horizontal top on"></div><div class="segment vertical top-right on"></div><div class="segment vertical bottom-right on"></div><div class="segment horizontal bottom on"></div><div class="segment vertical bottom-left on"></div><div class="segment vertical top-left on"></div><div class="segment horizontal middle"></div></div><div class="led-digit led-digit--small led-digit--bottom"><div class="segment horizontal top on"></div><div class="segment vertical top-right on"></div><div class="segment vertical bottom-right on"></div><div class="segment horizontal bottom on"></div><div class="segment vertical bottom-left on"></div><div class="segment vertical top-left on"></div><div class="segment horizontal middle"></div></div>"`;
